Error killing subprocess 11638: [Errno 3] No such process
